main.c:126:5:main	16	static
main.c:198:6:SystemClock_Config	88	static
main.c:243:13:MX_TIM1_Init	56	static
main.c:293:13:MX_TIM2_Init	32	static
main.c:338:13:MX_TIM3_Init	64	static
main.c:397:13:MX_USART2_UART_Init	8	static
main.c:430:13:MX_GPIO_Init	48	static
main.c:482:6:HAL_GPIO_EXTI_Callback	16	static
main.c:492:7:EncoderVelocity_Update	48	static
main.c:528:6:trajectory	32	static
main.c:591:6:pidVelocity	4	static
main.c:611:6:gotoSethome	8	static
main.c:617:6:kalman	32	static
main.c:661:6:HAL_TIM_PeriodElapsedCallback	24	static
main.c:668:10:micros	12	static
main.c:678:6:Error_Handler	4	static,ignoring_inline_asm
