main.c:251:5:main	24	static
main.c:331:6:SystemClock_Config	88	static
main.c:376:13:MX_I2C1_Init	8	static
main.c:410:13:MX_TIM1_Init	56	static
main.c:460:13:MX_TIM2_Init	32	static
main.c:505:13:MX_TIM3_Init	64	static
main.c:564:13:MX_USART2_UART_Init	8	static
main.c:597:13:MX_USART6_UART_Init	8	static
main.c:628:13:MX_DMA_Init	16	static
main.c:649:13:MX_GPIO_Init	48	static
main.c:710:6:UARTInit	16	static
main.c:721:6:UARTResetStart	16	static
main.c:725:10:UARTGetRxHead	16	static
main.c:729:9:UARTReadChar	32	static
main.c:747:6:UARTTxDumpBuffer	24	static
main.c:773:6:UARTTxWrite	32	static
main.c:797:6:DynamixelProtocal2	120	static
main.c:1177:6:I2Con	16	static
main.c:1183:6:I2CprepareRead	16	static
main.c:1194:9:findingPosition	4	static
main.c:1212:7:EncoderVelocity_Update	40	static
main.c:1248:6:trajectory	32	static
main.c:1296:6:pidPosition	4	static
main.c:1319:6:piVelocity	8	static
main.c:1350:6:gotoSethome	8	static
main.c:1363:6:HAL_GPIO_EXTI_Callback	16	static
main.c:1372:6:kalman	32	static
main.c:1418:6:HAL_TIM_PeriodElapsedCallback	24	static
main.c:1425:10:micros	12	static
main.c:1435:6:Error_Handler	4	static,ignoring_inline_asm
