main.c:245:5:main	24	static
main.c:323:6:SystemClock_Config	88	static
main.c:368:13:MX_I2C1_Init	8	static
main.c:402:13:MX_TIM1_Init	56	static
main.c:452:13:MX_TIM2_Init	32	static
main.c:497:13:MX_TIM3_Init	64	static
main.c:556:13:MX_USART2_UART_Init	8	static
main.c:589:13:MX_USART6_UART_Init	8	static
main.c:620:13:MX_DMA_Init	16	static
main.c:641:13:MX_GPIO_Init	48	static
main.c:702:6:UARTInit	16	static
main.c:713:6:UARTResetStart	16	static
main.c:717:10:UARTGetRxHead	16	static
main.c:721:9:UARTReadChar	32	static
main.c:739:6:UARTTxDumpBuffer	24	static
main.c:765:6:UARTTxWrite	32	static
main.c:789:6:DynamixelProtocal2	112	static
main.c:1152:6:I2Con	16	static
main.c:1158:6:I2CprepareRead	16	static
main.c:1169:9:findingPosition	4	static
main.c:1187:7:EncoderVelocity_Update	40	static
main.c:1223:6:trajectory	32	static
main.c:1297:6:pidPosition	4	static
main.c:1320:6:piVelocity	8	static
main.c:1351:6:gotoSethome	8	static
main.c:1364:6:HAL_GPIO_EXTI_Callback	16	static
main.c:1373:6:kalman	32	static
main.c:1419:6:HAL_TIM_PeriodElapsedCallback	24	static
main.c:1426:10:micros	12	static
main.c:1436:6:Error_Handler	4	static,ignoring_inline_asm
