main.c:241:5:main	16	static
main.c:321:6:SystemClock_Config	88	static
main.c:366:13:MX_I2C1_Init	8	static
main.c:400:13:MX_TIM1_Init	56	static
main.c:450:13:MX_TIM2_Init	32	static
main.c:495:13:MX_TIM3_Init	64	static
main.c:554:13:MX_USART2_UART_Init	8	static
main.c:587:13:MX_USART6_UART_Init	8	static
main.c:618:13:MX_DMA_Init	16	static
main.c:639:13:MX_GPIO_Init	48	static
main.c:691:6:UARTInit	16	static
main.c:702:6:UARTResetStart	16	static
main.c:706:10:UARTGetRxHead	16	static
main.c:710:9:UARTReadChar	32	static
main.c:725:6:UARTTxDumpBuffer	24	static
main.c:751:6:UARTTxWrite	32	static
main.c:775:6:DynamixelProtocal2	112	static
main.c:1138:6:HAL_GPIO_EXTI_Callback	16	static
main.c:1146:6:I2C	16	static
main.c:1152:7:EncoderVelocity_Update	40	static
main.c:1188:6:trajectory	32	static
main.c:1277:6:pidPosition	4	static
main.c:1300:6:piVelocity	8	static
main.c:1331:6:gotoSethome	8	static
main.c:1338:6:kalman	32	static
main.c:1384:6:HAL_TIM_PeriodElapsedCallback	24	static
main.c:1391:10:micros	12	static
main.c:1401:6:Error_Handler	4	static,ignoring_inline_asm
