main.c:123:5:main	16	static
main.c:188:6:SystemClock_Config	88	static
main.c:233:13:MX_I2C1_Init	8	static
main.c:267:13:MX_TIM1_Init	56	static
main.c:317:13:MX_TIM2_Init	32	static
main.c:362:13:MX_TIM3_Init	64	static
main.c:421:13:MX_USART2_UART_Init	8	static
main.c:454:13:MX_USART6_UART_Init	8	static
main.c:487:13:MX_GPIO_Init	48	static
main.c:539:6:HAL_GPIO_EXTI_Callback	16	static
main.c:548:6:I2C	16	static
main.c:554:7:EncoderVelocity_Update	40	static
main.c:590:6:trajectory	32	static
main.c:674:6:pidPosition	4	static
main.c:697:6:piVelocity	8	static
main.c:726:6:gotoSethome	8	static
main.c:732:6:kalman	32	static
main.c:778:6:HAL_TIM_PeriodElapsedCallback	24	static
main.c:785:10:micros	12	static
main.c:795:6:Error_Handler	4	static,ignoring_inline_asm
