main.c:251:5:main	24	static
main.c:329:6:SystemClock_Config	88	static
main.c:374:13:MX_I2C1_Init	8	static
main.c:408:13:MX_TIM1_Init	56	static
main.c:458:13:MX_TIM2_Init	32	static
main.c:503:13:MX_TIM3_Init	64	static
main.c:562:13:MX_USART2_UART_Init	8	static
main.c:595:13:MX_USART6_UART_Init	8	static
main.c:626:13:MX_DMA_Init	16	static
main.c:647:13:MX_GPIO_Init	48	static
main.c:708:6:UARTInit	16	static
main.c:719:6:UARTResetStart	16	static
main.c:723:10:UARTGetRxHead	16	static
main.c:727:9:UARTReadChar	32	static
main.c:745:6:UARTTxDumpBuffer	24	static
main.c:771:6:UARTTxWrite	32	static
main.c:795:6:DynamixelProtocal2	120	static
main.c:1175:6:I2Con	16	static
main.c:1181:6:I2CprepareRead	16	static
main.c:1192:9:findingPosition	4	static
main.c:1210:7:EncoderVelocity_Update	40	static
main.c:1246:6:trajectory	32	static
main.c:1291:6:pidPosition	4	static
main.c:1314:6:piVelocity	8	static
main.c:1345:6:gotoSethome	8	static
main.c:1358:6:HAL_GPIO_EXTI_Callback	16	static
main.c:1367:6:kalman	32	static
main.c:1413:6:HAL_TIM_PeriodElapsedCallback	24	static
main.c:1420:10:micros	12	static
main.c:1430:6:Error_Handler	4	static,ignoring_inline_asm
