main.c:240:5:main	24	static
main.c:317:6:SystemClock_Config	88	static
main.c:362:13:MX_I2C1_Init	8	static
main.c:396:13:MX_TIM1_Init	56	static
main.c:446:13:MX_TIM2_Init	32	static
main.c:491:13:MX_TIM3_Init	64	static
main.c:550:13:MX_USART2_UART_Init	8	static
main.c:583:13:MX_USART6_UART_Init	8	static
main.c:614:13:MX_DMA_Init	16	static
main.c:635:13:MX_GPIO_Init	48	static
main.c:687:6:UARTInit	16	static
main.c:698:6:UARTResetStart	16	static
main.c:702:10:UARTGetRxHead	16	static
main.c:706:9:UARTReadChar	32	static
main.c:721:6:UARTTxDumpBuffer	24	static
main.c:747:6:UARTTxWrite	32	static
main.c:771:6:DynamixelProtocal2	120	static
main.c:1149:6:HAL_GPIO_EXTI_Callback	16	static
main.c:1158:6:I2C	16	static
main.c:1164:7:EncoderVelocity_Update	40	static
main.c:1200:6:trajectory	40	static
main.c:1286:6:pidPosition	4	static
main.c:1309:6:piVelocity	8	static
main.c:1338:6:gotoSethome	8	static
main.c:1344:6:kalman	32	static
main.c:1390:6:HAL_TIM_PeriodElapsedCallback	24	static
main.c:1397:10:micros	12	static
main.c:1407:6:Error_Handler	4	static,ignoring_inline_asm
