main.c:250:5:main	24	static
main.c:328:6:SystemClock_Config	88	static
main.c:373:13:MX_I2C1_Init	8	static
main.c:407:13:MX_TIM1_Init	56	static
main.c:457:13:MX_TIM2_Init	32	static
main.c:502:13:MX_TIM3_Init	64	static
main.c:561:13:MX_USART2_UART_Init	8	static
main.c:594:13:MX_USART6_UART_Init	8	static
main.c:625:13:MX_DMA_Init	16	static
main.c:646:13:MX_GPIO_Init	48	static
main.c:707:6:UARTInit	16	static
main.c:718:6:UARTResetStart	16	static
main.c:722:10:UARTGetRxHead	16	static
main.c:726:9:UARTReadChar	32	static
main.c:744:6:UARTTxDumpBuffer	24	static
main.c:770:6:UARTTxWrite	32	static
main.c:794:6:DynamixelProtocal2	112	static
main.c:1165:6:I2Con	16	static
main.c:1171:6:I2CprepareRead	16	static
main.c:1182:9:findingPosition	4	static
main.c:1200:7:EncoderVelocity_Update	40	static
main.c:1236:6:trajectory	32	static
main.c:1310:6:pidPosition	4	static
main.c:1333:6:piVelocity	8	static
main.c:1364:6:gotoSethome	8	static
main.c:1377:6:HAL_GPIO_EXTI_Callback	16	static
main.c:1386:6:kalman	32	static
main.c:1432:6:HAL_TIM_PeriodElapsedCallback	24	static
main.c:1439:10:micros	12	static
main.c:1449:6:Error_Handler	4	static,ignoring_inline_asm
