main.c:258:5:main	24	static
main.c:336:6:SystemClock_Config	88	static
main.c:381:13:MX_I2C1_Init	8	static
main.c:415:13:MX_TIM1_Init	56	static
main.c:465:13:MX_TIM2_Init	32	static
main.c:510:13:MX_TIM3_Init	64	static
main.c:569:13:MX_USART2_UART_Init	8	static
main.c:602:13:MX_USART6_UART_Init	8	static
main.c:633:13:MX_DMA_Init	16	static
main.c:654:13:MX_GPIO_Init	48	static
main.c:715:6:UARTInit	16	static
main.c:726:6:UARTResetStart	16	static
main.c:730:10:UARTGetRxHead	16	static
main.c:734:9:UARTReadChar	32	static
main.c:752:6:UARTTxDumpBuffer	24	static
main.c:778:6:UARTTxWrite	32	static
main.c:802:6:DynamixelProtocal2	112	static
main.c:1165:9:findingPosition	4	static
main.c:1186:6:HAL_GPIO_EXTI_Callback	16	static
main.c:1196:6:I2C	16	static
main.c:1205:6:I2Creader	8	static
main.c:1208:7:EncoderVelocity_Update	48	static
main.c:1244:6:trajectory	32	static
main.c:1289:6:pidPosition	4	static
main.c:1309:6:piVelocity	8	static
main.c:1338:6:gotoSethome	8	static
main.c:1344:6:kalman	32	static
main.c:1388:6:HAL_TIM_PeriodElapsedCallback	24	static
main.c:1395:10:micros	12	static
main.c:1405:6:Error_Handler	4	static,ignoring_inline_asm
