main.c:252:5:main	24	static
main.c:330:6:SystemClock_Config	88	static
main.c:375:13:MX_I2C1_Init	8	static
main.c:409:13:MX_TIM1_Init	56	static
main.c:459:13:MX_TIM2_Init	32	static
main.c:504:13:MX_TIM3_Init	64	static
main.c:563:13:MX_USART2_UART_Init	8	static
main.c:596:13:MX_USART6_UART_Init	8	static
main.c:627:13:MX_DMA_Init	16	static
main.c:648:13:MX_GPIO_Init	48	static
main.c:709:6:UARTInit	16	static
main.c:720:6:UARTResetStart	16	static
main.c:724:10:UARTGetRxHead	16	static
main.c:728:9:UARTReadChar	32	static
main.c:746:6:UARTTxDumpBuffer	24	static
main.c:772:6:UARTTxWrite	32	static
main.c:796:6:DynamixelProtocal2	128	static
main.c:1204:6:I2Con	16	static
main.c:1210:6:I2CprepareRead	16	static
main.c:1221:9:findingPosition	4	static
main.c:1239:7:EncoderVelocity_Update	40	static
main.c:1275:6:trajectory	32	static
main.c:1320:6:pidPosition	4	static
main.c:1343:6:piVelocity	8	static
main.c:1374:6:gotoSethome	8	static
main.c:1387:6:HAL_GPIO_EXTI_Callback	16	static
main.c:1396:6:kalman	32	static
main.c:1442:6:HAL_TIM_PeriodElapsedCallback	24	static
main.c:1449:10:micros	12	static
main.c:1459:6:Error_Handler	4	static,ignoring_inline_asm
