14:30:34 **** Incremental Build of configuration Debug for project week8 ****
make -j8 all 
arm-none-eabi-gcc "../Core/Src/main.c" -mcpu=cortex-m4 -std=gnu11 -g3 -DDEBUG -DUSE_HAL_DRIVER -DSTM32F411xE -c -I../Core/Inc -I../Drivers/STM32F4xx_HAL_Driver/Inc -I../Drivers/STM32F4xx_HAL_Driver/Inc/Legacy -I../Drivers/CMSIS/Device/ST/STM32F4xx/Include -I../Drivers/CMSIS/Include -O0 -ffunction-sections -fdata-sections -Wall -fstack-usage -MMD -MP -MF"Core/Src/main.d" -MT"Core/Src/main.o" --specs=nano.specs -mfpu=fpv4-sp-d16 -mfloat-abi=hard -mthumb -o "Core/Src/main.o"
arm-none-eabi-gcc -o "week8.elf" @"objects.list"   -mcpu=cortex-m4 -T"C:\Users\supaw\OneDrive\Desktop\week8\week8\STM32F411RETX_FLASH.ld" --specs=nosys.specs -Wl,-Map="week8.map" -Wl,--gc-sections -static --specs=nano.specs -mfpu=fpv4-sp-d16 -mfloat-abi=hard -mthumb -Wl,--start-group -lc -lm -Wl,--end-group
Finished building target: week8.elf
 
arm-none-eabi-objdump -h -S  week8.elf  > "week8.list"
arm-none-eabi-objcopy  -O binary  week8.elf  "week8.bin"
arm-none-eabi-size   week8.elf 
   text	   data	    bss	    dec	    hex	filename
  32284	    164	   2160	  34608	   8730	week8.elf
Finished building: default.size.stdout
 
Finished building: week8.bin
 
Finished building: week8.list
 

14:30:37 Build Finished. 0 errors, 0 warnings. (took 2s.958ms)

