main.c:132:5:main	16	static
main.c:207:6:SystemClock_Config	88	static
main.c:252:13:MX_I2C1_Init	8	static
main.c:286:13:MX_TIM1_Init	56	static
main.c:336:13:MX_TIM2_Init	32	static
main.c:381:13:MX_TIM3_Init	64	static
main.c:440:13:MX_USART2_UART_Init	8	static
main.c:473:13:MX_USART6_UART_Init	8	static
main.c:506:13:MX_GPIO_Init	48	static
main.c:558:6:HAL_GPIO_EXTI_Callback	16	static
main.c:568:6:I2C	16	static
main.c:574:7:EncoderVelocity_Update	48	static
main.c:610:6:trajectory	32	static
main.c:674:6:pidVelocity	4	static
main.c:694:6:gotoSethome	8	static
main.c:700:6:kalman	32	static
main.c:744:6:HAL_TIM_PeriodElapsedCallback	24	static
main.c:751:10:micros	12	static
main.c:761:6:Error_Handler	4	static,ignoring_inline_asm
