main.c:136:5:main	16	static
main.c:201:6:SystemClock_Config	88	static
main.c:246:13:MX_I2C1_Init	8	static
main.c:280:13:MX_TIM1_Init	56	static
main.c:330:13:MX_TIM2_Init	32	static
main.c:375:13:MX_TIM3_Init	64	static
main.c:434:13:MX_USART2_UART_Init	8	static
main.c:467:13:MX_USART6_UART_Init	8	static
main.c:500:13:MX_GPIO_Init	48	static
main.c:552:6:HAL_GPIO_EXTI_Callback	16	static
main.c:562:6:I2C	16	static
main.c:568:7:EncoderVelocity_Update	48	static
main.c:604:6:trajectory	32	static
main.c:649:6:pidPosition	4	static
main.c:669:6:piVelocity	8	static
main.c:698:6:gotoSethome	8	static
main.c:704:6:kalman	32	static
main.c:748:6:HAL_TIM_PeriodElapsedCallback	24	static
main.c:755:10:micros	12	static
main.c:765:6:Error_Handler	4	static,ignoring_inline_asm
